// Jest Snapshot v1, https://goo.gl/fbAQLP

exports[`Header testcases should render 1`] = `
<div>
  <header
    aria-label="main header"
    class="bx--header main-header"
    role="banner"
  >
    <a
      class="bx--skip-to-content"
      href="#main-content"
      tabindex="0"
    >
      Skip to main content
    </a>
    <button
      aria-label="Open menu"
      class="bx--header__action bx--header__menu-trigger bx--header__menu-toggle bx--header__menu-toggle__hidden"
      title="Open menu"
      type="button"
    >
      <svg
        aria-hidden="true"
        focusable="false"
        height="20"
        preserveAspectRatio="xMidYMid meet"
        viewBox="0 0 20 20"
        width="20"
        xmlns="http://www.w3.org/2000/svg"
      >
        <path
          d="M2 14.8h16V16H2zm0-3.6h16v1.2H2zm0-3.6h16v1.2H2zM2 4h16v1.2H2z"
        />
      </svg>
    </button>
    <a
      class="bx--header__name"
      href="#"
    >
      <span
        class="bx--header__name--prefix"
      >
        IBM
      </span>
      Â 
      platform
    </a>
    <div
      class="bx--header__global"
    >
      <button
        aria-label="alerts"
        class="bx--header-action-btn bx--header__action"
        type="button"
      >
        <svg
          aria-hidden="true"
          description="Icon"
          fill="white"
          focusable="false"
          height="20"
          preserveAspectRatio="xMidYMid meet"
          viewBox="0 0 32 32"
          width="20"
          xmlns="http://www.w3.org/2000/svg"
        >
          <path
            d="M28.7 20.3L26 17.6V13a10.07 10.07 0 0 0-9-10V1h-2v2a10.15 10.15 0 0 0-9 10v4.6l-2.7 2.7a.91.91 0 0 0-.3.7v3a.94.94 0 0 0 1 1h7a5 5 0 0 0 10 0h7a.94.94 0 0 0 1-1v-3a.91.91 0 0 0-.3-.7zM16 28a3 3 0 0 1-3-3h6a3 3 0 0 1-3 3zm11-5H5v-1.6l2.7-2.7A.91.91 0 0 0 8 18v-5a8 8 0 0 1 16 0v5a.91.91 0 0 0 .3.7l2.7 2.7z"
          />
        </svg>
      </button>
      <div
        class="bx--header__submenu bx--header-action-btn action-btn__group"
        data-testid="action-btn__group"
      >
        <button
          aria-haspopup="menu"
          aria-label="help"
          class="bx--header-action-btn action-btn__trigger bx--header__action"
          title="help"
          type="button"
        >
          <svg
            aria-hidden="true"
            class="bx--header__menu-item bx--header__menu-title"
            description="Icon"
            fill="white"
            focusable="false"
            height="20"
            preserveAspectRatio="xMidYMid meet"
            viewBox="0 0 32 32"
            width="20"
            xmlns="http://www.w3.org/2000/svg"
          >
            <path
              d="M16 2a14 14 0 1 0 14 14A14 14 0 0 0 16 2zm0 26a12 12 0 1 1 12-12 12 12 0 0 1-12 12z"
            />
            <circle
              cx="16"
              cy="23.5"
              r="1.5"
            />
            <path
              d="M17 8h-1.5a4.49 4.49 0 0 0-4.5 4.5v.5h2v-.5a2.5 2.5 0 0 1 2.5-2.5H17a2.5 2.5 0 0 1 0 5h-2v4.5h2V17a4.5 4.5 0 0 0 0-9z"
            />
          </svg>
        </button>
        <div
          aria-label="Header Panel"
          class="bx--header-panel action-btn__headerpanel action-btn__headerpanel--closed"
          data-testid="action-btn__panel"
          tabindex="-1"
        >
          <ul
            aria-label="help"
          >
            <li
              class="action-btn__headerpanel-li"
            >
              <a>
                <p>
                  This is a link
                </p>
              </a>
            </li>
            <li
              class="action-btn__headerpanel-li"
            >
              <a>
                <span>
                  JohnDoe@ibm.com
                  <svg
                    aria-hidden="true"
                    description="Icon"
                    fill="white"
                    focusable="false"
                    height="20"
                    preserveAspectRatio="xMidYMid meet"
                    viewBox="0 0 32 32"
                    width="20"
                    xmlns="http://www.w3.org/2000/svg"
                  >
                    <path
                      d="M16 2a14 14 0 1 0 14 14A14 14 0 0 0 16 2zm-6 24.38v-2A3.22 3.22 0 0 1 13 21h6a3.22 3.22 0 0 1 3 3.39v2a11.92 11.92 0 0 1-12 0zm14-1.46v-.61A5.21 5.21 0 0 0 19 19h-6a5.2 5.2 0 0 0-5 5.31v.59a12 12 0 1 1 16 0z"
                    />
                    <path
                      d="M16 7a5 5 0 1 0 5 5 5 5 0 0 0-5-5zm0 8a3 3 0 1 1 3-3 3 3 0 0 1-3 3z"
                    />
                  </svg>
                </span>
              </a>
            </li>
          </ul>
        </div>
      </div>
      <div
        class="bx--header__submenu"
        data-testid="headermenu"
      >
        <div
          class="bx--header__submenu bx--header-action-btn"
        >
           
          <a
            aria-expanded="false"
            aria-haspopup="menu"
            aria-label="other help"
            class="bx--header__menu-item bx--header__menu-title"
            data-testid="menuitem"
            href="javascript:void(0)"
            role="menuitem"
            tabindex="0"
          >
            <svg
              aria-hidden="true"
              class="bx--header__menu-item bx--header__menu-title"
              description="Icon"
              fill="white"
              focusable="false"
              height="20"
              preserveAspectRatio="xMidYMid meet"
              viewBox="0 0 32 32"
              width="20"
              xmlns="http://www.w3.org/2000/svg"
            >
              <path
                d="M16 2a14 14 0 1 0 14 14A14 14 0 0 0 16 2zm0 26a12 12 0 1 1 12-12 12 12 0 0 1-12 12z"
              />
              <circle
                cx="16"
                cy="23.5"
                r="1.5"
              />
              <path
                d="M17 8h-1.5a4.49 4.49 0 0 0-4.5 4.5v.5h2v-.5a2.5 2.5 0 0 1 2.5-2.5H17a2.5 2.5 0 0 1 0 5h-2v4.5h2V17a4.5 4.5 0 0 0 0-9z"
              />
            </svg>
          </a>
          <ul
            aria-label="other help"
            class="bx--header__menu"
            role="menu"
          >
            <li
              role="none"
            >
              <a
                class="bx--header__menu-item"
                role="menuitem"
                tabindex="0"
              >
                <span
                  class="bx--text-truncate--end"
                >
                  <span>
                    JohnDoe@ibm.com
                    <svg
                      aria-hidden="true"
                      description="Icon"
                      fill="white"
                      focusable="false"
                      height="20"
                      preserveAspectRatio="xMidYMid meet"
                      viewBox="0 0 32 32"
                      width="20"
                      xmlns="http://www.w3.org/2000/svg"
                    >
                      <path
                        d="M16 2a14 14 0 1 0 14 14A14 14 0 0 0 16 2zm-6 24.38v-2A3.22 3.22 0 0 1 13 21h6a3.22 3.22 0 0 1 3 3.39v2a11.92 11.92 0 0 1-12 0zm14-1.46v-.61A5.21 5.21 0 0 0 19 19h-6a5.2 5.2 0 0 0-5 5.31v.59a12 12 0 1 1 16 0z"
                      />
                      <path
                        d="M16 7a5 5 0 1 0 5 5 5 5 0 0 0-5-5zm0 8a3 3 0 1 1 3-3 3 3 0 0 1-3 3z"
                      />
                    </svg>
                  </span>
                </span>
              </a>
            </li>
          </ul>
           
        </div>
      </div>
    </div>
  </header>
</div>
`;
